// Jest Snapshot v1, https://goo.gl/fbAQLP

exports[`Button Should match snapshot 1`] = `
<div>
  <button
    data-testid="button"
    type="button"
  >
    Create
  </button>
</div>
`;
